[[1;34mINFO[m] Scanning for projects...
[[1;34mINFO[m] 
[[1;34mINFO[m] [1m-------------------< [0;36mTestPlaywright:TestPlaywright[0;1m >--------------------[m
[[1;34mINFO[m] [1mBuilding TestPlaywright 0.0.1-SNAPSHOT[m
[[1;34mINFO[m] [1m--------------------------------[ jar ]---------------------------------[m
[[1;34mINFO[m] 
[[1;34mINFO[m] [1m--- [0;32mmaven-clean-plugin:2.5:clean[m [1m(default-clean)[m @ [36mTestPlaywright[0;1m ---[m
[[1;34mINFO[m] Deleting /home/ic-002/Desktop/Play-Wright/klasguru/target
[[1;34mINFO[m] 
[[1;34mINFO[m] [1m--- [0;32mmaven-resources-plugin:2.6:resources[m [1m(default-resources)[m @ [36mTestPlaywright[0;1m ---[m
[[1;34mINFO[m] Using 'UTF-8' encoding to copy filtered resources.
[[1;34mINFO[m] Copying 4 resources
[[1;34mINFO[m] 
[[1;34mINFO[m] [1m--- [0;32mmaven-compiler-plugin:3.10.1:compile[m [1m(default-compile)[m @ [36mTestPlaywright[0;1m ---[m
[[1;34mINFO[m] Changes detected - recompiling the module!
[[1;34mINFO[m] Compiling 17 source files to /home/ic-002/Desktop/Play-Wright/klasguru/target/classes
[[1;34mINFO[m] /home/ic-002/Desktop/Play-Wright/klasguru/src/main/java/com/kriyatec/automation/FunctionalBaseClass.java: /home/ic-002/Desktop/Play-Wright/klasguru/src/main/java/com/kriyatec/automation/FunctionalBaseClass.java uses or overrides a deprecated API.
[[1;34mINFO[m] /home/ic-002/Desktop/Play-Wright/klasguru/src/main/java/com/kriyatec/automation/FunctionalBaseClass.java: Recompile with -Xlint:deprecation for details.
[[1;34mINFO[m] 
[[1;34mINFO[m] [1m--- [0;32mexec-maven-plugin:3.5.0:java[m [1m(default-cli)[m @ [36mTestPlaywright[0;1m ---[m

================================================================================
📂 MASTER EXCEL PATH: /home/ic-002/Desktop/Play-Wright/klasguru/Excel/Full Test.xlsx
================================================================================

ERROR StatusLogger Log4j2 could not find a logging implementation. Please add log4j-core to the classpath. Using SimpleLogger to log to the console...

================================================================================
📋 MODULE: Functional Tests
📂 MODULE EXCEL PATH: /home/ic-002/Desktop/Play-Wright/klasguru/Excel/Full Test.xlsx
📄 INDEX FILE: Full_Functional_Test_index.html
================================================================================

[CLEAR] Thread 16 data cleared - Had feature: false
You are using a frozen webkit browser which does not receive updates anymore on ubuntu20.04-x64. Please update to the latest version of your operating system to test up-to-date browsers.
[CONFIG] Looking for: Test Type='Functional', Browser Type='Chrome'
[CONFIG] Row found: Test Type='Functional', Browser Type='Chrome', URL='https://uat.klasguru.com/'
[CONFIG] ✅ MATCH FOUND! Using URL: https://uat.klasguru.com/
[CONFIG] Headless Mode: 'null' -> false
[CONFIG] Screen size detected: 1920x1080
[NAVIGATE] Opening URL: https://uat.klasguru.com/
[NAVIGATE] Current page URL after navigation: https://uat.klasguru.com/
✅ Filling Email ID with: klasguru@gmail.com
✅ Filling Password with: 1234
Error processing navigation step: Error {
  message='Unexpected token "" while parsing selector ""
  name='Error
  stack='Error: Unexpected token "" while parsing selector ""
    at unexpected (/tmp/playwright-java-12904293031827472432/package/lib/utils/isomorphic/cssParser.js:68:12)
    at consumeSimpleSelector (/tmp/playwright-java-12904293031827472432/package/lib/utils/isomorphic/cssParser.js:211:51)
    at consumeComplexSelector (/tmp/playwright-java-12904293031827472432/package/lib/utils/isomorphic/cssParser.js:140:19)
    at consumeArgument (/tmp/playwright-java-12904293031827472432/package/lib/utils/isomorphic/cssParser.js:120:12)
    at consumeFunctionArguments (/tmp/playwright-java-12904293031827472432/package/lib/utils/isomorphic/cssParser.js:107:21)
    at parseCSS (/tmp/playwright-java-12904293031827472432/package/lib/utils/isomorphic/cssParser.js:228:18)
    at parseSelector (/tmp/playwright-java-12904293031827472432/package/lib/utils/isomorphic/selectorParser.js:50:49)
    at splitSelectorByFrame (/tmp/playwright-java-12904293031827472432/package/lib/utils/isomorphic/selectorParser.js:99:20)
    at FrameSelectors.resolveFrameForSelector (/tmp/playwright-java-12904293031827472432/package/lib/server/frameSelectors.js:110:66)
    at FrameSelectors.resolveInjectedForSelector (/tmp/playwright-java-12904293031827472432/package/lib/server/frameSelectors.js:152:33)
}
Call log:
-   - waiting for  to be visible

Error processing navigation step: Error {
  message='Unexpected token "" while parsing selector ""
  name='Error
  stack='Error: Unexpected token "" while parsing selector ""
    at unexpected (/tmp/playwright-java-12904293031827472432/package/lib/utils/isomorphic/cssParser.js:68:12)
    at consumeSimpleSelector (/tmp/playwright-java-12904293031827472432/package/lib/utils/isomorphic/cssParser.js:211:51)
    at consumeComplexSelector (/tmp/playwright-java-12904293031827472432/package/lib/utils/isomorphic/cssParser.js:140:19)
    at consumeArgument (/tmp/playwright-java-12904293031827472432/package/lib/utils/isomorphic/cssParser.js:120:12)
    at consumeFunctionArguments (/tmp/playwright-java-12904293031827472432/package/lib/utils/isomorphic/cssParser.js:107:21)
    at parseCSS (/tmp/playwright-java-12904293031827472432/package/lib/utils/isomorphic/cssParser.js:228:18)
    at parseSelector (/tmp/playwright-java-12904293031827472432/package/lib/utils/isomorphic/selectorParser.js:50:49)
    at splitSelectorByFrame (/tmp/playwright-java-12904293031827472432/package/lib/utils/isomorphic/selectorParser.js:99:20)
    at FrameSelectors.resolveFrameForSelector (/tmp/playwright-java-12904293031827472432/package/lib/server/frameSelectors.js:110:66)
    at FrameSelectors.resolveInjectedForSelector (/tmp/playwright-java-12904293031827472432/package/lib/server/frameSelectors.js:152:33)
}
Call log:
-   - waiting for  to be visible


━━━━━━━━━━━━━━━━━━━━━━━━━━━━━━━━━━━━━━━━━━━━━━━━━━━━━━━━━━━━━━━━━━━━━━━━━━━━━━
🎯 Step ID: 1 | 📋 Click Social Handles from side nav
   Type: click
   Scenario: Positive
   🔧 Executing: click
      Clicking: //span[normalize-space(text())='Social Handles']
   ✅ PASS: Action completed successfully
━━━━━━━━━━━━━━━━━━━━━━━━━━━━━━━━━━━━━━━━━━━━━━━━━━━━━━━━━━━━━━━━━━━━━━━━━━━━━━

━━━━━━━━━━━━━━━━━━━━━━━━━━━━━━━━━━━━━━━━━━━━━━━━━━━━━━━━━━━━━━━━━━━━━━━━━━━━━━
🎯 Step ID: 2 | 📋 Take Before Count
   Type: Verification Only
   Scenario: Positive

   📊 COUNT CAPTURE:
      Before capture count was: 14

━━━━━━━━━━━━━━━━━━━━━━━━━━━━━━━━━━━━━━━━━━━━━━━━━━━━━━━━━━━━━━━━━━━━━━━━━━━━━━
🎯 Step ID: 3 | 📋 Add Button
   Type: click
   Scenario: Positive
   🔧 Executing: click
      Clicking: //button[contains(@class,'mat-mdc-tooltip-trigger icon')]//mat-icon[1]
   ✅ PASS: Action completed successfully
━━━━━━━━━━━━━━━━━━━━━━━━━━━━━━━━━━━━━━━━━━━━━━━━━━━━━━━━━━━━━━━━━━━━━━━━━━━━━━
[GENERATED] USER_1 = Yer

━━━━━━━━━━━━━━━━━━━━━━━━━━━━━━━━━━━━━━━━━━━━━━━━━━━━━━━━━━━━━━━━━━━━━━━━━━━━━━
🎯 Step ID: 4 | 📋 Enter Social Handle Name
   Type: input | Input: Yer
   Scenario: N/A
   🔧 Executing: input
      Filling: //input[@placeholder='Social Handle Name'] with: Yer
   ✅ PASS: Action completed successfully
━━━━━━━━━━━━━━━━━━━━━━━━━━━━━━━━━━━━━━━━━━━━━━━━━━━━━━━━━━━━━━━━━━━━━━━━━━━━━━

━━━━━━━━━━━━━━━━━━━━━━━━━━━━━━━━━━━━━━━━━━━━━━━━━━━━━━━━━━━━━━━━━━━━━━━━━━━━━━
🎯 Step ID: 5 | 📋 Upload Social Handle image
   Type: image | Input: facebook.svg
   Scenario: Positive
   🔧 Executing: image
   ✅ PASS: Action completed successfully
━━━━━━━━━━━━━━━━━━━━━━━━━━━━━━━━━━━━━━━━━━━━━━━━━━━━━━━━━━━━━━━━━━━━━━━━━━━━━━

━━━━━━━━━━━━━━━━━━━━━━━━━━━━━━━━━━━━━━━━━━━━━━━━━━━━━━━━━━━━━━━━━━━━━━━━━━━━━━
🎯 Step ID: 6 | 📋 Click on Save button
   Type: click
   Scenario: Positive
   🔧 Executing: click
      Clicking: //span[normalize-space(text())='Save']
   ✅ PASS: Action completed successfully
━━━━━━━━━━━━━━━━━━━━━━━━━━━━━━━━━━━━━━━━━━━━━━━━━━━━━━━━━━━━━━━━━━━━━━━━━━━━━━

━━━━━━━━━━━━━━━━━━━━━━━━━━━━━━━━━━━━━━━━━━━━━━━━━━━━━━━━━━━━━━━━━━━━━━━━━━━━━━
🎯 Step ID: 7 | 📋 Take  Count After onboarding
   Type: Verification Only
   Scenario: Positive
   [Using stored count for verification]

   📊 COUNT CAPTURE:
      Before capture count was: 14
      After count increases: Before: 14 | After: 15
   ✅ VERIFY PASS: Take  Count After onboarding [countincrease]
      Before: 14 → After: 15
━━━━━━━━━━━━━━━━━━━━━━━━━━━━━━━━━━━━━━━━━━━━━━━━━━━━━━━━━━━━━━━━━━━━━━━━━━━━━━
[RESOLVED] {{USER_1}} = Yer

━━━━━━━━━━━━━━━━━━━━━━━━━━━━━━━━━━━━━━━━━━━━━━━━━━━━━━━━━━━━━━━━━━━━━━━━━━━━━━
🎯 Step ID: 8 | 📋 Check the created social handler name reflecting in the grid list
   Type: Verification Only | Input: Yer
   Scenario: Positive
   [DEBUG] Searching for: 'Yer' in xpath: //div[@col-id='name']
   [DEBUG] Total elements matching xpath: 16
   [DEBUG] Found: true
   ✅ VERIFY PASS: Check the created social handler name reflecting in the grid list [tablerowcontains]
      Row found
━━━━━━━━━━━━━━━━━━━━━━━━━━━━━━━━━━━━━━━━━━━━━━━━━━━━━━━━━━━━━━━━━━━━━━━━━━━━━━

━━━━━━━━━━━━━━━━━━━━━━━━━━━━━━━━━━━━━━━━━━━━━━━━━━━━━━━━━━━━━━━━━━━━━━━━━━━━━━
🎯 Step ID: 9 | 📋 Click Subjects from side nav
   Type: click
   Scenario: Positive
   🔧 Executing: click
      Clicking: //span[normalize-space(text())='Subjects']
   ✅ PASS: Action completed successfully
━━━━━━━━━━━━━━━━━━━━━━━━━━━━━━━━━━━━━━━━━━━━━━━━━━━━━━━━━━━━━━━━━━━━━━━━━━━━━━

━━━━━━━━━━━━━━━━━━━━━━━━━━━━━━━━━━━━━━━━━━━━━━━━━━━━━━━━━━━━━━━━━━━━━━━━━━━━━━
🎯 Step ID: 10 | 📋 Take Before Count
   Type: Verification Only
   Scenario: Positive

   📊 COUNT CAPTURE:
      Before capture count was: 19

━━━━━━━━━━━━━━━━━━━━━━━━━━━━━━━━━━━━━━━━━━━━━━━━━━━━━━━━━━━━━━━━━━━━━━━━━━━━━━
🎯 Step ID: 11 | 📋 Add Button
   Type: click
   Scenario: Positive
   🔧 Executing: click
      Clicking: //button[contains(@class,'mat-mdc-tooltip-trigger icon')]//mat-icon[1]
   ✅ PASS: Action completed successfully
━━━━━━━━━━━━━━━━━━━━━━━━━━━━━━━━━━━━━━━━━━━━━━━━━━━━━━━━━━━━━━━━━━━━━━━━━━━━━━
[GENERATED] USER_2 = Colton

━━━━━━━━━━━━━━━━━━━━━━━━━━━━━━━━━━━━━━━━━━━━━━━━━━━━━━━━━━━━━━━━━━━━━━━━━━━━━━
🎯 Step ID: 12 | 📋 Enter Subject Code
   Type: input | Input: Colton
   Scenario: Positive
   🔧 Executing: input
      Filling: //input[@placeholder='Subject Code'] with: Colton
   ✅ PASS: Action completed successfully
━━━━━━━━━━━━━━━━━━━━━━━━━━━━━━━━━━━━━━━━━━━━━━━━━━━━━━━━━━━━━━━━━━━━━━━━━━━━━━
[GENERATED] USER_3 = Arcelia

━━━━━━━━━━━━━━━━━━━━━━━━━━━━━━━━━━━━━━━━━━━━━━━━━━━━━━━━━━━━━━━━━━━━━━━━━━━━━━
🎯 Step ID: 13 | 📋 Enter Subject Name
   Type: input | Input: Arcelia
   Scenario: Positive
   🔧 Executing: input
      Filling: //input[@placeholder='Subject Name'] with: Arcelia
   ✅ PASS: Action completed successfully
━━━━━━━━━━━━━━━━━━━━━━━━━━━━━━━━━━━━━━━━━━━━━━━━━━━━━━━━━━━━━━━━━━━━━━━━━━━━━━

━━━━━━━━━━━━━━━━━━━━━━━━━━━━━━━━━━━━━━━━━━━━━━━━━━━━━━━━━━━━━━━━━━━━━━━━━━━━━━
🎯 Step ID: 14 | 📋 Upload an Image for Subject
   Type: image | Input: facebook.svg
   Scenario: Positive
   🔧 Executing: image
   ✅ PASS: Action completed successfully
━━━━━━━━━━━━━━━━━━━━━━━━━━━━━━━━━━━━━━━━━━━━━━━━━━━━━━━━━━━━━━━━━━━━━━━━━━━━━━

━━━━━━━━━━━━━━━━━━━━━━━━━━━━━━━━━━━━━━━━━━━━━━━━━━━━━━━━━━━━━━━━━━━━━━━━━━━━━━
🎯 Step ID: 15 | 📋 Enter Description of the subject
   Type: input | Input: high school and sky high school
   Scenario: Positive
   🔧 Executing: input
      Filling: //div[@class='angular-editor-wrapper show-placeholder']//div[1] with: high school and sky high school
   ✅ PASS: Action completed successfully
━━━━━━━━━━━━━━━━━━━━━━━━━━━━━━━━━━━━━━━━━━━━━━━━━━━━━━━━━━━━━━━━━━━━━━━━━━━━━━

━━━━━━━━━━━━━━━━━━━━━━━━━━━━━━━━━━━━━━━━━━━━━━━━━━━━━━━━━━━━━━━━━━━━━━━━━━━━━━
🎯 Step ID: 16 | 📋 Click on Save button
   Type: click
   Scenario: Positive
   🔧 Executing: click
      Clicking: //span[normalize-space(text())='Save']
   ✅ PASS: Action completed successfully
━━━━━━━━━━━━━━━━━━━━━━━━━━━━━━━━━━━━━━━━━━━━━━━━━━━━━━━━━━━━━━━━━━━━━━━━━━━━━━

━━━━━━━━━━━━━━━━━━━━━━━━━━━━━━━━━━━━━━━━━━━━━━━━━━━━━━━━━━━━━━━━━━━━━━━━━━━━━━
🎯 Step ID: 17 | 📋 Take  Count After onboarding
   Type: Verification Only
   Scenario: Positive
   [Using stored count for verification]

   📊 COUNT CAPTURE:
      Before capture count was: 19
      After count increases: Before: 19 | After: 20
   ✅ VERIFY PASS: Take  Count After onboarding [countincrease]
      Before: 19 → After: 20
━━━━━━━━━━━━━━━━━━━━━━━━━━━━━━━━━━━━━━━━━━━━━━━━━━━━━━━━━━━━━━━━━━━━━━━━━━━━━━
[RESOLVED] {{USER_3}} = Arcelia

━━━━━━━━━━━━━━━━━━━━━━━━━━━━━━━━━━━━━━━━━━━━━━━━━━━━━━━━━━━━━━━━━━━━━━━━━━━━━━
🎯 Step ID: 18 | 📋 Check the created Subject name reflecting in the grid list
   Type: Verification Only | Input: Arcelia
   Scenario: Positive
   [DEBUG] Searching for: 'Arcelia' in xpath: //div[@col-id='name']
   [DEBUG] Total elements matching xpath: 21
   [DEBUG] Found: true
   ✅ VERIFY PASS: Check the created Subject name reflecting in the grid list [tablerowcontains]
      Row found
━━━━━━━━━━━━━━━━━━━━━━━━━━━━━━━━━━━━━━━━━━━━━━━━━━━━━━━━━━━━━━━━━━━━━━━━━━━━━━

━━━━━━━━━━━━━━━━━━━━━━━━━━━━━━━━━━━━━━━━━━━━━━━━━━━━━━━━━━━━━━━━━━━━━━━━━━━━━━
🎯 Step ID: 19 | 📋 Click Super Admin from side nav
   Type: click
   Scenario: Positive
   🔧 Executing: click
      Clicking: //span[normalize-space(text())='Super Admin Users']
   ✅ PASS: Action completed successfully
━━━━━━━━━━━━━━━━━━━━━━━━━━━━━━━━━━━━━━━━━━━━━━━━━━━━━━━━━━━━━━━━━━━━━━━━━━━━━━

━━━━━━━━━━━━━━━━━━━━━━━━━━━━━━━━━━━━━━━━━━━━━━━━━━━━━━━━━━━━━━━━━━━━━━━━━━━━━━
🎯 Step ID: 20 | 📋 Take Before Count
   Type: Verification Only
   Scenario: Positive

   📊 COUNT CAPTURE:
      Before capture count was: 15

━━━━━━━━━━━━━━━━━━━━━━━━━━━━━━━━━━━━━━━━━━━━━━━━━━━━━━━━━━━━━━━━━━━━━━━━━━━━━━
🎯 Step ID: 21 | 📋 Add Button
   Type: click
   Scenario: Positive
   🔧 Executing: click
      Clicking: //button[contains(@class,'mat-mdc-tooltip-trigger icon')]//mat-icon[1]
   ✅ PASS: Action completed successfully
━━━━━━━━━━━━━━━━━━━━━━━━━━━━━━━━━━━━━━━━━━━━━━━━━━━━━━━━━━━━━━━━━━━━━━━━━━━━━━
[GENERATED] USER_4 = Andreas

━━━━━━━━━━━━━━━━━━━━━━━━━━━━━━━━━━━━━━━━━━━━━━━━━━━━━━━━━━━━━━━━━━━━━━━━━━━━━━
🎯 Step ID: 22 | 📋 Enter Super Admin First Name
   Type: input | Input: Andreas
   Scenario: Positive
   🔧 Executing: input
      Filling: //input[@placeholder='First Name'] with: Andreas
   ✅ PASS: Action completed successfully
━━━━━━━━━━━━━━━━━━━━━━━━━━━━━━━━━━━━━━━━━━━━━━━━━━━━━━━━━━━━━━━━━━━━━━━━━━━━━━
[GENERATED] USER_5 = Sharyn

━━━━━━━━━━━━━━━━━━━━━━━━━━━━━━━━━━━━━━━━━━━━━━━━━━━━━━━━━━━━━━━━━━━━━━━━━━━━━━
🎯 Step ID: 23 | 📋 Enter Super Admin Last Name
   Type: input | Input: Sharyn
   Scenario: Positive
   🔧 Executing: input
      Filling: //input[@placeholder='Last Name'] with: Sharyn
   ✅ PASS: Action completed successfully
━━━━━━━━━━━━━━━━━━━━━━━━━━━━━━━━━━━━━━━━━━━━━━━━━━━━━━━━━━━━━━━━━━━━━━━━━━━━━━
[GENERATED] PHONE_1 = 8665304334

━━━━━━━━━━━━━━━━━━━━━━━━━━━━━━━━━━━━━━━━━━━━━━━━━━━━━━━━━━━━━━━━━━━━━━━━━━━━━━
🎯 Step ID: 24 | 📋 Enter Super Admin Mobile Number
   Type: input | Input: 8665304334
   Scenario: Positive
   🔧 Executing: input
      Filling: //input[@placeholder='Mobile Number'] with: 8665304334
   ✅ PASS: Action completed successfully
━━━━━━━━━━━━━━━━━━━━━━━━━━━━━━━━━━━━━━━━━━━━━━━━━━━━━━━━━━━━━━━━━━━━━━━━━━━━━━
[GENERATED] EMAIL_1 = aileenfunk@yopmail.com

━━━━━━━━━━━━━━━━━━━━━━━━━━━━━━━━━━━━━━━━━━━━━━━━━━━━━━━━━━━━━━━━━━━━━━━━━━━━━━
🎯 Step ID: 25 | 📋 Enter Super Admin Email Id
   Type: input | Input: aileenfunk@yopmail.com
   Scenario: Positive
   🔧 Executing: input
      Filling: //input[@placeholder='Email Id'] with: aileenfunk@yopmail.com
   ✅ PASS: Action completed successfully
━━━━━━━━━━━━━━━━━━━━━━━━━━━━━━━━━━━━━━━━━━━━━━━━━━━━━━━━━━━━━━━━━━━━━━━━━━━━━━

━━━━━━━━━━━━━━━━━━━━━━━━━━━━━━━━━━━━━━━━━━━━━━━━━━━━━━━━━━━━━━━━━━━━━━━━━━━━━━
🎯 Step ID: 26 | 📋 Click on Save button
   Type: click
   Scenario: Positive
   🔧 Executing: click
      Clicking: //span[normalize-space(text())='Save']
   ✅ PASS: Action completed successfully
━━━━━━━━━━━━━━━━━━━━━━━━━━━━━━━━━━━━━━━━━━━━━━━━━━━━━━━━━━━━━━━━━━━━━━━━━━━━━━

━━━━━━━━━━━━━━━━━━━━━━━━━━━━━━━━━━━━━━━━━━━━━━━━━━━━━━━━━━━━━━━━━━━━━━━━━━━━━━
🎯 Step ID: 27 | 📋 Take  Count After onboarding
   Type: Verification Only
   Scenario: Positive
   [Using stored count for verification]

   📊 COUNT CAPTURE:
      Before capture count was: 15
      After count increases: Before: 15 | After: 16
   ✅ VERIFY PASS: Take  Count After onboarding [countincrease]
      Before: 15 → After: 16
━━━━━━━━━━━━━━━━━━━━━━━━━━━━━━━━━━━━━━━━━━━━━━━━━━━━━━━━━━━━━━━━━━━━━━━━━━━━━━
[RESOLVED] {{USER_4}} = Andreas

━━━━━━━━━━━━━━━━━━━━━━━━━━━━━━━━━━━━━━━━━━━━━━━━━━━━━━━━━━━━━━━━━━━━━━━━━━━━━━
🎯 Step ID: 28 | 📋 Check the created Super Admin name reflecting in the grid list
   Type: Verification Only | Input: Andreas
   Scenario: Positive
   [DEBUG] Searching for: 'Andreas' in xpath: //div[@col-id='first_name']
   [DEBUG] Total elements matching xpath: 17
   [DEBUG] Found: true
   ✅ VERIFY PASS: Check the created Super Admin name reflecting in the grid list [tablerowcontains]
      Row found
━━━━━━━━━━━━━━━━━━━━━━━━━━━━━━━━━━━━━━━━━━━━━━━━━━━━━━━━━━━━━━━━━━━━━━━━━━━━━━

━━━━━━━━━━━━━━━━━━━━━━━━━━━━━━━━━━━━━━━━━━━━━━━━━━━━━━━━━━━━━━━━━━━━━━━━━━━━━━
🎯 Step ID: 29 | 📋 open a tab for YOPMAIL in new tab
   Type: newtab | Input: https://yopmail.com/
   Scenario: Positive
   🔧 Executing: newtab
[NEW TAB] Opened: https://yopmail.com/
   ✅ PASS: Action completed successfully
━━━━━━━━━━━━━━━━━━━━━━━━━━━━━━━━━━━━━━━━━━━━━━━━━━━━━━━━━━━━━━━━━━━━━━━━━━━━━━
[RESOLVED] {{EMAIL_1}} = aileenfunk@yopmail.com

━━━━━━━━━━━━━━━━━━━━━━━━━━━━━━━━━━━━━━━━━━━━━━━━━━━━━━━━━━━━━━━━━━━━━━━━━━━━━━
🎯 Step ID: 30 | 📋 Enter the Super Admin Email id for acceptance of invite mail from school to onboard
   Type: Input | Input: aileenfunk@yopmail.com
   Scenario: Positive
   🔧 Executing: input
      Filling: //input[@placeholder='Enter your inbox here'] with: aileenfunk@yopmail.com
   ✅ PASS: Action completed successfully
━━━━━━━━━━━━━━━━━━━━━━━━━━━━━━━━━━━━━━━━━━━━━━━━━━━━━━━━━━━━━━━━━━━━━━━━━━━━━━

━━━━━━━━━━━━━━━━━━━━━━━━━━━━━━━━━━━━━━━━━━━━━━━━━━━━━━━━━━━━━━━━━━━━━━━━━━━━━━
🎯 Step ID: 31 | 📋 Enter button
   Type: Click
   Scenario: Positive
   🔧 Executing: click
      Clicking: //button[@title='Check Inbox @yopmail.com']//i[1]
   ✅ PASS: Action completed successfully
━━━━━━━━━━━━━━━━━━━━━━━━━━━━━━━━━━━━━━━━━━━━━━━━━━━━━━━━━━━━━━━━━━━━━━━━━━━━━━

━━━━━━━━━━━━━━━━━━━━━━━━━━━━━━━━━━━━━━━━━━━━━━━━━━━━━━━━━━━━━━━━━━━━━━━━━━━━━━
🎯 Step ID: 32 | 📋 Click Accept Invitation
   Type: Click
   Scenario: Positive
   🔧 Executing: click
      Clicking: //a[.='To Login']
      Found in iframe, clicking...
      [AUTO SWITCH] New tab opened, switched to tab 2
   ✅ PASS: Action completed successfully
━━━━━━━━━━━━━━━━━━━━━━━━━━━━━━━━━━━━━━━━━━━━━━━━━━━━━━━━━━━━━━━━━━━━━━━━━━━━━━

━━━━━━━━━━━━━━━━━━━━━━━━━━━━━━━━━━━━━━━━━━━━━━━━━━━━━━━━━━━━━━━━━━━━━━━━━━━━━━
🎯 Step ID: 33 | 📋 Switch to Super admin login page
   Type: switchtab | Input: 2
   Scenario: Positive
   🔧 Executing: switchtab
[SWITCH TAB] Switched to tab 2
   ✅ PASS: Action completed successfully
━━━━━━━━━━━━━━━━━━━━━━━━━━━━━━━━━━━━━━━━━━━━━━━━━━━━━━━━━━━━━━━━━━━━━━━━━━━━━━
[RESOLVED] {{EMAIL_1}} = aileenfunk@yopmail.com

━━━━━━━━━━━━━━━━━━━━━━━━━━━━━━━━━━━━━━━━━━━━━━━━━━━━━━━━━━━━━━━━━━━━━━━━━━━━━━
🎯 Step ID: 34 | 📋 Enter School Admin Email id
   Type: Input | Input: aileenfunk@yopmail.com
   Scenario: Positive
   🔧 Executing: input
      Filling: //input[@placeholder='Email Id'] with: aileenfunk@yopmail.com
   ✅ PASS: Action completed successfully
━━━━━━━━━━━━━━━━━━━━━━━━━━━━━━━━━━━━━━━━━━━━━━━━━━━━━━━━━━━━━━━━━━━━━━━━━━━━━━

━━━━━━━━━━━━━━━━━━━━━━━━━━━━━━━━━━━━━━━━━━━━━━━━━━━━━━━━━━━━━━━━━━━━━━━━━━━━━━
🎯 Step ID: 35 | 📋 enterSchool Admin Password
   Type: Input | Input: 1234
   Scenario: Positive
   🔧 Executing: input
      Filling: //input[@placeholder='Password'] with: 1234
   ✅ PASS: Action completed successfully
━━━━━━━━━━━━━━━━━━━━━━━━━━━━━━━━━━━━━━━━━━━━━━━━━━━━━━━━━━━━━━━━━━━━━━━━━━━━━━

━━━━━━━━━━━━━━━━━━━━━━━━━━━━━━━━━━━━━━━━━━━━━━━━━━━━━━━━━━━━━━━━━━━━━━━━━━━━━━
🎯 Step ID: 36 | 📋 Click on Login
   Type: Click
   Scenario: Positive
   🔧 Executing: click
      Clicking: //button[normalize-space(text())='Sign In']
   ✅ PASS: Action completed successfully
━━━━━━━━━━━━━━━━━━━━━━━━━━━━━━━━━━━━━━━━━━━━━━━━━━━━━━━━━━━━━━━━━━━━━━━━━━━━━━

━━━━━━━━━━━━━━━━━━━━━━━━━━━━━━━━━━━━━━━━━━━━━━━━━━━━━━━━━━━━━━━━━━━━━━━━━━━━━━
🎯 Step ID: 37 | 📋 Enter New Password
   Type: Input | Input: Mani@2020
   Scenario: Positive
   🔧 Executing: input
      Filling: //input[@id='newPassword'] with: Mani@2020
   ✅ PASS: Action completed successfully
━━━━━━━━━━━━━━━━━━━━━━━━━━━━━━━━━━━━━━━━━━━━━━━━━━━━━━━━━━━━━━━━━━━━━━━━━━━━━━

━━━━━━━━━━━━━━━━━━━━━━━━━━━━━━━━━━━━━━━━━━━━━━━━━━━━━━━━━━━━━━━━━━━━━━━━━━━━━━
🎯 Step ID: 38 | 📋 Confirm New Password
   Type: Input | Input: Mani@2020
   Scenario: Positive
   🔧 Executing: input
      Filling: //input[@id='confirmPassword'] with: Mani@2020
   ✅ PASS: Action completed successfully
━━━━━━━━━━━━━━━━━━━━━━━━━━━━━━━━━━━━━━━━━━━━━━━━━━━━━━━━━━━━━━━━━━━━━━━━━━━━━━

━━━━━━━━━━━━━━━━━━━━━━━━━━━━━━━━━━━━━━━━━━━━━━━━━━━━━━━━━━━━━━━━━━━━━━━━━━━━━━
🎯 Step ID: 39 | 📋 Click on Reset Button
   Type: Click
   Scenario: Positive
   🔧 Executing: click
      Clicking: //button[.=' Reset Password ']
   ✅ PASS: Action completed successfully
━━━━━━━━━━━━━━━━━━━━━━━━━━━━━━━━━━━━━━━━━━━━━━━━━━━━━━━━━━━━━━━━━━━━━━━━━━━━━━
[RESOLVED] {{EMAIL_1}} = aileenfunk@yopmail.com

━━━━━━━━━━━━━━━━━━━━━━━━━━━━━━━━━━━━━━━━━━━━━━━━━━━━━━━━━━━━━━━━━━━━━━━━━━━━━━
🎯 Step ID: 40 | 📋 Enter School Admin Email id
   Type: Input | Input: aileenfunk@yopmail.com
   Scenario: Positive
   🔧 Executing: input
      Filling: //input[@placeholder='Email Id'] with: aileenfunk@yopmail.com
   ✅ PASS: Action completed successfully
━━━━━━━━━━━━━━━━━━━━━━━━━━━━━━━━━━━━━━━━━━━━━━━━━━━━━━━━━━━━━━━━━━━━━━━━━━━━━━

━━━━━━━━━━━━━━━━━━━━━━━━━━━━━━━━━━━━━━━━━━━━━━━━━━━━━━━━━━━━━━━━━━━━━━━━━━━━━━
🎯 Step ID: 41 | 📋 enterSchool Admin Password
   Type: Input | Input: 1234
   Scenario: Positive
   🔧 Executing: input
      Filling: //input[@placeholder='Password'] with: 1234
   ✅ PASS: Action completed successfully
━━━━━━━━━━━━━━━━━━━━━━━━━━━━━━━━━━━━━━━━━━━━━━━━━━━━━━━━━━━━━━━━━━━━━━━━━━━━━━

━━━━━━━━━━━━━━━━━━━━━━━━━━━━━━━━━━━━━━━━━━━━━━━━━━━━━━━━━━━━━━━━━━━━━━━━━━━━━━
🎯 Step ID: 42 | 📋 Click on Login
   Type: Click
   Scenario: Positive
   🔧 Executing: click
      Clicking: //button[normalize-space(text())='Sign In']
   ✅ PASS: Action completed successfully
━━━━━━━━━━━━━━━━━━━━━━━━━━━━━━━━━━━━━━━━━━━━━━━━━━━━━━━━━━━━━━━━━━━━━━━━━━━━━━

━━━━━━━━━━━━━━━━━━━━━━━━━━━━━━━━━━━━━━━━━━━━━━━━━━━━━━━━━━━━━━━━━━━━━━━━━━━━━━
🎯 Step ID: 43 | 📋 Back to teacher login to check the status of the student 
   Type: switchtab | Input: 0
   Scenario: Positive
   🔧 Executing: switchtab
[SWITCH TAB] Switched to tab 0
   ✅ PASS: Action completed successfully
━━━━━━━━━━━━━━━━━━━━━━━━━━━━━━━━━━━━━━━━━━━━━━━━━━━━━━━━━━━━━━━━━━━━━━━━━━━━━━

━━━━━━━━━━━━━━━━━━━━━━━━━━━━━━━━━━━━━━━━━━━━━━━━━━━━━━━━━━━━━━━━━━━━━━━━━━━━━━
🎯 Step ID: 44 | 📋 Click Social Handles from side nav
   Type: click
   Scenario: Positive
   🔧 Executing: click
      Clicking: //span[normalize-space(text())='Social Handles']
   ✅ PASS: Action completed successfully
━━━━━━━━━━━━━━━━━━━━━━━━━━━━━━━━━━━━━━━━━━━━━━━━━━━━━━━━━━━━━━━━━━━━━━━━━━━━━━

━━━━━━━━━━━━━━━━━━━━━━━━━━━━━━━━━━━━━━━━━━━━━━━━━━━━━━━━━━━━━━━━━━━━━━━━━━━━━━
🎯 Step ID: 45 | 📋 Click on Social Handle name ag grid menu option
   Type: click
   Scenario: Positive
   🔧 Executing: click
      Clicking: (//span[@class='ag-icon ag-icon-menu'])[1]
   ✅ PASS: Action completed successfully
━━━━━━━━━━━━━━━━━━━━━━━━━━━━━━━━━━━━━━━━━━━━━━━━━━━━━━━━━━━━━━━━━━━━━━━━━━━━━━

━━━━━━━━━━━━━━━━━━━━━━━━━━━━━━━━━━━━━━━━━━━━━━━━━━━━━━━━━━━━━━━━━━━━━━━━━━━━━━
🎯 Step ID: 46 | 📋 Click on Filter Icon to search the created Social handler name
   Type: Click
   Scenario: N/A
   🔧 Executing: click
      Clicking: (//span[@class='ag-tab'])[1]
   ✅ PASS: Action completed successfully
━━━━━━━━━━━━━━━━━━━━━━━━━━━━━━━━━━━━━━━━━━━━━━━━━━━━━━━━━━━━━━━━━━━━━━━━━━━━━━
[RESOLVED] {{USER_1}} = Yer

━━━━━━━━━━━━━━━━━━━━━━━━━━━━━━━━━━━━━━━━━━━━━━━━━━━━━━━━━━━━━━━━━━━━━━━━━━━━━━
🎯 Step ID: 47 | 📋 enter the created Social handler name
   Type: Input | Input: Yer
   Scenario: N/A
   🔧 Executing: input
      Filling: //input[@placeholder='Filter...'] with: Yer
   ✅ PASS: Action completed successfully
━━━━━━━━━━━━━━━━━━━━━━━━━━━━━━━━━━━━━━━━━━━━━━━━━━━━━━━━━━━━━━━━━━━━━━━━━━━━━━

━━━━━━━━━━━━━━━━━━━━━━━━━━━━━━━━━━━━━━━━━━━━━━━━━━━━━━━━━━━━━━━━━━━━━━━━━━━━━━
🎯 Step ID: 48 | 📋 Click on Filter Icon to close
   Type: Click
   Scenario: N/A
   🔧 Executing: click
      Clicking: //input[@placeholder='Filter...']
   ✅ PASS: Action completed successfully
━━━━━━━━━━━━━━━━━━━━━━━━━━━━━━━━━━━━━━━━━━━━━━━━━━━━━━━━━━━━━━━━━━━━━━━━━━━━━━

━━━━━━━━━━━━━━━━━━━━━━━━━━━━━━━━━━━━━━━━━━━━━━━━━━━━━━━━━━━━━━━━━━━━━━━━━━━━━━
🎯 Step ID: 49 | 📋 Check the Status of the Social handler
   Type: Verification Only | Input: Activate
   Scenario: N/A
   [DEBUG] Searching for: 'Activate' in xpath: //div[@col-id='status']
   [DEBUG] Total elements matching xpath: 2
   [DEBUG] Found: true
   ✅ VERIFY PASS: Check the Status of the Social handler [tablerowcontains]
      Row found
━━━━━━━━━━━━━━━━━━━━━━━━━━━━━━━━━━━━━━━━━━━━━━━━━━━━━━━━━━━━━━━━━━━━━━━━━━━━━━

━━━━━━━━━━━━━━━━━━━━━━━━━━━━━━━━━━━━━━━━━━━━━━━━━━━━━━━━━━━━━━━━━━━━━━━━━━━━━━
🎯 Step ID: 50 | 📋 Click Subjects from side nav
   Type: click
   Scenario: N/A
   🔧 Executing: click
      Clicking: //span[normalize-space(text())='Subjects']
   ✅ PASS: Action completed successfully
━━━━━━━━━━━━━━━━━━━━━━━━━━━━━━━━━━━━━━━━━━━━━━━━━━━━━━━━━━━━━━━━━━━━━━━━━━━━━━

━━━━━━━━━━━━━━━━━━━━━━━━━━━━━━━━━━━━━━━━━━━━━━━━━━━━━━━━━━━━━━━━━━━━━━━━━━━━━━
🎯 Step ID: 51 | 📋 Click on Subject ag grid menu option
   Type: click
   Scenario: N/A
   🔧 Executing: click
      Clicking: (//span[@class='ag-icon ag-icon-menu'])[2]
   ✅ PASS: Action completed successfully
━━━━━━━━━━━━━━━━━━━━━━━━━━━━━━━━━━━━━━━━━━━━━━━━━━━━━━━━━━━━━━━━━━━━━━━━━━━━━━

━━━━━━━━━━━━━━━━━━━━━━━━━━━━━━━━━━━━━━━━━━━━━━━━━━━━━━━━━━━━━━━━━━━━━━━━━━━━━━
🎯 Step ID: 52 | 📋 Click on Filter Icon to search the created Subject
   Type: Click
   Scenario: N/A
   🔧 Executing: click
      Clicking: //span[@aria-label='filter']//span[1]
   ✅ PASS: Action completed successfully
━━━━━━━━━━━━━━━━━━━━━━━━━━━━━━━━━━━━━━━━━━━━━━━━━━━━━━━━━━━━━━━━━━━━━━━━━━━━━━

━━━━━━━━━━━━━━━━━━━━━━━━━━━━━━━━━━━━━━━━━━━━━━━━━━━━━━━━━━━━━━━━━━━━━━━━━━━━━━
🎯 Step ID: 53 | 📋 Unselect all
   Type: Click
   Scenario: N/A
   🔧 Executing: click
      Clicking: //div[.='(Select All)']
      ⚠️  Normal click failed, using force click
   ❌ FAIL: Unselect all
   Error: Error {
  message='Timeout 10000ms exceeded.
  name='TimeoutError
  stack='TimeoutError: Timeout 10000ms exceeded.
    at ProgressController.run (/tmp/playwright-java-12904293031827472432/package/lib/server/progress.js:75:26)
    at Frame.click (/tmp/playwright-java-12904293031827472432/package/lib/server/frames.js:1022:23)
    at FrameDispatcher.click (/tmp/playwright-java-12904293031827472432/package/lib/server/dispatchers/frameDispatcher.js:158:30)
    at FrameDispatcher._handleCommand (/tmp/playwright-java-12904293031827472432/package/lib/server/dispatchers/dispatcher.js:94:40)
    at DispatcherConnection.dispatch (/tmp/playwright-java-12904293031827472432/package/lib/server/dispatchers/dispatcher.js:361:39)
}
Call log:
-   - waiting for locator("//div[.='(Select All)']").first()

   Exception Type: TimeoutError
━━━━━━━━━━━━━━━━━━━━━━━━━━━━━━━━━━━━━━━━━━━━━━━━━━━━━━━━━━━━━━━━━━━━━━━━━━━━━━
[RESOLVED] {{USER_3}} = Arcelia

━━━━━━━━━━━━━━━━━━━━━━━━━━━━━━━━━━━━━━━━━━━━━━━━━━━━━━━━━━━━━━━━━━━━━━━━━━━━━━
🎯 Step ID: 54 | 📋 Enter the subject name
   Type: Input | Input: Arcelia
   Scenario: N/A
   🔧 Executing: input
      Filling: //input[@placeholder='Search...'] with: Arcelia
      ⚠️  Fill failed: Error {
  message='Timeout 15000ms exceeded.
  name='TimeoutError
  stack='TimeoutError: Timeout 15000ms exceeded.
    at ProgressController.run (/tmp/playwright-java-12904293031827472432/package/lib/server/progress.js:75:26)
    at Frame.waitForSelector (/tmp/playwright-java-12904293031827472432/package/lib/server/frames.js:629:23)
    at FrameDispatcher.waitForSelector (/tmp/playwright-java-12904293031827472432/package/lib/server/dispatchers/frameDispatcher.js:106:103)
    at FrameDispatcher._handleCommand (/tmp/playwright-java-12904293031827472432/package/lib/server/dispatchers/dispatcher.js:94:40)
    at DispatcherConnection.dispatch (/tmp/playwright-java-12904293031827472432/package/lib/server/dispatchers/dispatcher.js:361:39)
}
Call log:
-   - waiting for locator("//input[@placeholder='Search...']") to be visible

   ❌ FAIL: Enter the subject name
   Error: Error {
  message='Timeout 15000ms exceeded.
  name='TimeoutError
  stack='TimeoutError: Timeout 15000ms exceeded.
    at ProgressController.run (/tmp/playwright-java-12904293031827472432/package/lib/server/progress.js:75:26)
    at Frame.waitForSelector (/tmp/playwright-java-12904293031827472432/package/lib/server/frames.js:629:23)
    at FrameDispatcher.waitForSelector (/tmp/playwright-java-12904293031827472432/package/lib/server/dispatchers/frameDispatcher.js:106:103)
    at FrameDispatcher._handleCommand (/tmp/playwright-java-12904293031827472432/package/lib/server/dispatchers/dispatcher.js:94:40)
    at DispatcherConnection.dispatch (/tmp/playwright-java-12904293031827472432/package/lib/server/dispatchers/dispatcher.js:361:39)
}
Call log:
-   - waiting for locator("//input[@placeholder='Search...']") to be visible

   Exception Type: TimeoutError
━━━━━━━━━━━━━━━━━━━━━━━━━━━━━━━━━━━━━━━━━━━━━━━━━━━━━━━━━━━━━━━━━━━━━━━━━━━━━━

━━━━━━━━━━━━━━━━━━━━━━━━━━━━━━━━━━━━━━━━━━━━━━━━━━━━━━━━━━━━━━━━━━━━━━━━━━━━━━
🎯 Step ID: 55 | 📋 Select All
   Type: Click
   Scenario: N/A
   🔧 Executing: click
      Clicking: //div[.='(Select All)']
      ⚠️  Normal click failed, using force click
   ❌ FAIL: Select All
   Error: Error {
  message='Timeout 10000ms exceeded.
  name='TimeoutError
  stack='TimeoutError: Timeout 10000ms exceeded.
    at ProgressController.run (/tmp/playwright-java-12904293031827472432/package/lib/server/progress.js:75:26)
    at Frame.click (/tmp/playwright-java-12904293031827472432/package/lib/server/frames.js:1022:23)
    at FrameDispatcher.click (/tmp/playwright-java-12904293031827472432/package/lib/server/dispatchers/frameDispatcher.js:158:30)
    at FrameDispatcher._handleCommand (/tmp/playwright-java-12904293031827472432/package/lib/server/dispatchers/dispatcher.js:94:40)
    at DispatcherConnection.dispatch (/tmp/playwright-java-12904293031827472432/package/lib/server/dispatchers/dispatcher.js:361:39)
}
Call log:
-   - waiting for locator("//div[.='(Select All)']").first()

   Exception Type: TimeoutError
━━━━━━━━━━━━━━━━━━━━━━━━━━━━━━━━━━━━━━━━━━━━━━━━━━━━━━━━━━━━━━━━━━━━━━━━━━━━━━

━━━━━━━━━━━━━━━━━━━━━━━━━━━━━━━━━━━━━━━━━━━━━━━━━━━━━━━━━━━━━━━━━━━━━━━━━━━━━━
🎯 Step ID: 56 | 📋 Check the status of the created subject
   Type: Verification Only | Input: Activate
   Scenario: N/A
   [DEBUG] Searching for: 'Activate' in xpath: //div[@col-id='status']
   [DEBUG] Total elements matching xpath: 21
   [DEBUG] Found: true
   ✅ VERIFY PASS: Check the status of the created subject [tablerowcontains]
      Row found
━━━━━━━━━━━━━━━━━━━━━━━━━━━━━━━━━━━━━━━━━━━━━━━━━━━━━━━━━━━━━━━━━━━━━━━━━━━━━━

━━━━━━━━━━━━━━━━━━━━━━━━━━━━━━━━━━━━━━━━━━━━━━━━━━━━━━━━━━━━━━━━━━━━━━━━━━━━━━
🎯 Step ID: 57 | 📋 Click on Dasbhoard
   Type: Click
   Scenario: Positive
   🔧 Executing: click
      Clicking: //span[normalize-space(text())='Dashboard']
   ✅ PASS: Action completed successfully
━━━━━━━━━━━━━━━━━━━━━━━━━━━━━━━━━━━━━━━━━━━━━━━━━━━━━━━━━━━━━━━━━━━━━━━━━━━━━━

━━━━━━━━━━━━━━━━━━━━━━━━━━━━━━━━━━━━━━━━━━━━━━━━━━━━━━━━━━━━━━━━━━━━━━━━━━━━━━
🎯 Step ID: 58 | 📋 Take before count
   Type: Verification Only
   Scenario: Positive

   📊 COUNT CAPTURE:
      Before capture count was: 6

━━━━━━━━━━━━━━━━━━━━━━━━━━━━━━━━━━━━━━━━━━━━━━━━━━━━━━━━━━━━━━━━━━━━━━━━━━━━━━
🎯 Step ID: 59 | 📋 School
   Type: click
   Scenario: Positive
   🔧 Executing: click
      Clicking: //span[normalize-space(text())='Schools']
   ✅ PASS: Action completed successfully
━━━━━━━━━━━━━━━━━━━━━━━━━━━━━━━━━━━━━━━━━━━━━━━━━━━━━━━━━━━━━━━━━━━━━━━━━━━━━━

━━━━━━━━━━━━━━━━━━━━━━━━━━━━━━━━━━━━━━━━━━━━━━━━━━━━━━━━━━━━━━━━━━━━━━━━━━━━━━
🎯 Step ID: 60 | 📋 Take Before Student Count
   Type: Verification Only
   Scenario: Positive

   📊 COUNT CAPTURE:
      Before capture count was: 51

━━━━━━━━━━━━━━━━━━━━━━━━━━━━━━━━━━━━━━━━━━━━━━━━━━━━━━━━━━━━━━━━━━━━━━━━━━━━━━
🎯 Step ID: 61 | 📋 Add Button
   Type: click
   Scenario: Positive
   🔧 Executing: click
      Clicking: //button[contains(@class,'mat-mdc-tooltip-trigger icon')]//mat-icon[1]
   ✅ PASS: Action completed successfully
━━━━━━━━━━━━━━━━━━━━━━━━━━━━━━━━━━━━━━━━━━━━━━━━━━━━━━━━━━━━━━━━━━━━━━━━━━━━━━
[GENERATED] USER_6 = Marget

━━━━━━━━━━━━━━━━━━━━━━━━━━━━━━━━━━━━━━━━━━━━━━━━━━━━━━━━━━━━━━━━━━━━━━━━━━━━━━
🎯 Step ID: 62 | 📋 School Name
   Type: input | Input: Marget
   Scenario: Positive
   🔧 Executing: input
      Filling: //input[@placeholder='Enter School name'] with: Marget
   ✅ PASS: Action completed successfully
━━━━━━━━━━━━━━━━━━━━━━━━━━━━━━━━━━━━━━━━━━━━━━━━━━━━━━━━━━━━━━━━━━━━━━━━━━━━━━

━━━━━━━━━━━━━━━━━━━━━━━━━━━━━━━━━━━━━━━━━━━━━━━━━━━━━━━━━━━━━━━━━━━━━━━━━━━━━━
🎯 Step ID: 63 | 📋 Subject
   Type: multiselect | Input: Flute, Piano, Tabla
   Scenario: Positive
   🔧 Executing: multiselect
   ✅ PASS: Action completed successfully
━━━━━━━━━━━━━━━━━━━━━━━━━━━━━━━━━━━━━━━━━━━━━━━━━━━━━━━━━━━━━━━━━━━━━━━━━━━━━━

━━━━━━━━━━━━━━━━━━━━━━━━━━━━━━━━━━━━━━━━━━━━━━━━━━━━━━━━━━━━━━━━━━━━━━━━━━━━━━
🎯 Step ID: 64 | 📋 Enable Public Visibility
   Type: checkbox | Input: true
   Scenario: 
   🔧 Executing: checkbox
   ✅ PASS: Action completed successfully
━━━━━━━━━━━━━━━━━━━━━━━━━━━━━━━━━━━━━━━━━━━━━━━━━━━━━━━━━━━━━━━━━━━━━━━━━━━━━━

━━━━━━━━━━━━━━━━━━━━━━━━━━━━━━━━━━━━━━━━━━━━━━━━━━━━━━━━━━━━━━━━━━━━━━━━━━━━━━
🎯 Step ID: 65 | 📋 Registeration
   Type: click
   Scenario: Positive
   🔧 Executing: click
      Clicking: //span[normalize-space(text())='Registration']
   ✅ PASS: Action completed successfully
━━━━━━━━━━━━━━━━━━━━━━━━━━━━━━━━━━━━━━━━━━━━━━━━━━━━━━━━━━━━━━━━━━━━━━━━━━━━━━

━━━━━━━━━━━━━━━━━━━━━━━━━━━━━━━━━━━━━━━━━━━━━━━━━━━━━━━━━━━━━━━━━━━━━━━━━━━━━━
🎯 Step ID: 66 | 📋 Type of Registeration
   Type: dropdown | Input: Public
   Scenario: Positive
   🔧 Executing: dropdown
   ✅ PASS: Action completed successfully
━━━━━━━━━━━━━━━━━━━━━━━━━━━━━━━━━━━━━━━━━━━━━━━━━━━━━━━━━━━━━━━━━━━━━━━━━━━━━━
[GENERATED] random.date = 06 March 2026

━━━━━━━━━━━━━━━━━━━━━━━━━━━━━━━━━━━━━━━━━━━━━━━━━━━━━━━━━━━━━━━━━━━━━━━━━━━━━━
🎯 Step ID: 67 | 📋 Activation Day
   Type: input | Input: 06 March 2026
   Scenario: Positive
   🔧 Executing: input
      Filling: //input[@data-mat-calendar='mat-datepicker-1'] with: 06 March 2026
   ✅ PASS: Action completed successfully
━━━━━━━━━━━━━━━━━━━━━━━━━━━━━━━━━━━━━━━━━━━━━━━━━━━━━━━━━━━━━━━━━━━━━━━━━━━━━━
[GENERATED] random.date = 06 March 2026

━━━━━━━━━━━━━━━━━━━━━━━━━━━━━━━━━━━━━━━━━━━━━━━━━━━━━━━━━━━━━━━━━━━━━━━━━━━━━━
🎯 Step ID: 68 | 📋 Deactivation Day
   Type: input | Input: 06 March 2026
   Scenario: Positive
   🔧 Executing: input
      Filling: //input[@data-mat-calendar='mat-datepicker-2'] with: 06 March 2026
   ✅ PASS: Action completed successfully
━━━━━━━━━━━━━━━━━━━━━━━━━━━━━━━━━━━━━━━━━━━━━━━━━━━━━━━━━━━━━━━━━━━━━━━━━━━━━━
[GENERATED] USER_7 = Maisha

━━━━━━━━━━━━━━━━━━━━━━━━━━━━━━━━━━━━━━━━━━━━━━━━━━━━━━━━━━━━━━━━━━━━━━━━━━━━━━
🎯 Step ID: 69 | 📋 Official Person Contact Name
   Type: input | Input: Maisha
   Scenario: Positive
   🔧 Executing: input
      Filling: //input[@placeholder='Official Person Contact Name'] with: Maisha
   ✅ PASS: Action completed successfully
━━━━━━━━━━━━━━━━━━━━━━━━━━━━━━━━━━━━━━━━━━━━━━━━━━━━━━━━━━━━━━━━━━━━━━━━━━━━━━
[GENERATED] EMAIL_2 = harleygrant@yopmail.com

━━━━━━━━━━━━━━━━━━━━━━━━━━━━━━━━━━━━━━━━━━━━━━━━━━━━━━━━━━━━━━━━━━━━━━━━━━━━━━
🎯 Step ID: 70 | 📋 Official Email ID
   Type: input | Input: harleygrant@yopmail.com
   Scenario: Positive
   🔧 Executing: input
      Filling: //input[@placeholder='Official Email Id'] with: harleygrant@yopmail.com
   ✅ PASS: Action completed successfully
━━━━━━━━━━━━━━━━━━━━━━━━━━━━━━━━━━━━━━━━━━━━━━━━━━━━━━━━━━━━━━━━━━━━━━━━━━━━━━
[GENERATED] PHONE_2 = 9948925869

━━━━━━━━━━━━━━━━━━━━━━━━━━━━━━━━━━━━━━━━━━━━━━━━━━━━━━━━━━━━━━━━━━━━━━━━━━━━━━
🎯 Step ID: 71 | 📋 Official Phone Number
   Type: input | Input: 9948925869
   Scenario: Positive
   🔧 Executing: input
      Filling: //input[@placeholder='Official Phone Number'] with: 9948925869
   ✅ PASS: Action completed successfully
━━━━━━━━━━━━━━━━━━━━━━━━━━━━━━━━━━━━━━━━━━━━━━━━━━━━━━━━━━━━━━━━━━━━━━━━━━━━━━

━━━━━━━━━━━━━━━━━━━━━━━━━━━━━━━━━━━━━━━━━━━━━━━━━━━━━━━━━━━━━━━━━━━━━━━━━━━━━━
🎯 Step ID: 72 | 📋 Default Fee Collection
   Type: dropdown | Input: Month End
   Scenario: Positive
   🔧 Executing: dropdown
   ✅ PASS: Action completed successfully
━━━━━━━━━━━━━━━━━━━━━━━━━━━━━━━━━━━━━━━━━━━━━━━━━━━━━━━━━━━━━━━━━━━━━━━━━━━━━━

━━━━━━━━━━━━━━━━━━━━━━━━━━━━━━━━━━━━━━━━━━━━━━━━━━━━━━━━━━━━━━━━━━━━━━━━━━━━━━
🎯 Step ID: 73 | 📋 Logo Upload
   Type: image | Input: pikaachu.png
   Scenario: Positive
   🔧 Executing: image
   ✅ PASS: Action completed successfully
━━━━━━━━━━━━━━━━━━━━━━━━━━━━━━━━━━━━━━━━━━━━━━━━━━━━━━━━━━━━━━━━━━━━━━━━━━━━━━

━━━━━━━━━━━━━━━━━━━━━━━━━━━━━━━━━━━━━━━━━━━━━━━━━━━━━━━━━━━━━━━━━━━━━━━━━━━━━━
🎯 Step ID: 74 | 📋 Admin User
   Type: click
   Scenario: Positive
   🔧 Executing: click
      Clicking: //span[normalize-space(text())='Admin Users']
   ✅ PASS: Action completed successfully
━━━━━━━━━━━━━━━━━━━━━━━━━━━━━━━━━━━━━━━━━━━━━━━━━━━━━━━━━━━━━━━━━━━━━━━━━━━━━━
[RESOLVED] {{USER_7}} = Maisha

━━━━━━━━━━━━━━━━━━━━━━━━━━━━━━━━━━━━━━━━━━━━━━━━━━━━━━━━━━━━━━━━━━━━━━━━━━━━━━
🎯 Step ID: 75 | 📋 First Name
   Type: input | Input: Maisha
   Scenario: Positive
   🔧 Executing: input
      Filling: //input[@placeholder='First Name'] with: Maisha
   ✅ PASS: Action completed successfully
━━━━━━━━━━━━━━━━━━━━━━━━━━━━━━━━━━━━━━━━━━━━━━━━━━━━━━━━━━━━━━━━━━━━━━━━━━━━━━
[GENERATED] USER_1 = Gabriel

━━━━━━━━━━━━━━━━━━━━━━━━━━━━━━━━━━━━━━━━━━━━━━━━━━━━━━━━━━━━━━━━━━━━━━━━━━━━━━
🎯 Step ID: 76 | 📋 Last Name
   Type: input | Input: Gabriel
   Scenario: Positive
   🔧 Executing: input
      Filling: //input[@placeholder='Last Name'] with: Gabriel
   ✅ PASS: Action completed successfully
━━━━━━━━━━━━━━━━━━━━━━━━━━━━━━━━━━━━━━━━━━━━━━━━━━━━━━━━━━━━━━━━━━━━━━━━━━━━━━
[RESOLVED] {{EMAIL_2}} = harleygrant@yopmail.com

━━━━━━━━━━━━━━━━━━━━━━━━━━━━━━━━━━━━━━━━━━━━━━━━━━━━━━━━━━━━━━━━━━━━━━━━━━━━━━
🎯 Step ID: 77 | 📋 Email Id
   Type: input | Input: harleygrant@yopmail.com
   Scenario: Positive
   🔧 Executing: input
      Filling: //input[@placeholder='Email Id'] with: harleygrant@yopmail.com
   ✅ PASS: Action completed successfully
━━━━━━━━━━━━━━━━━━━━━━━━━━━━━━━━━━━━━━━━━━━━━━━━━━━━━━━━━━━━━━━━━━━━━━━━━━━━━━
[GENERATED] PHONE_3 = 6269153796

━━━━━━━━━━━━━━━━━━━━━━━━━━━━━━━━━━━━━━━━━━━━━━━━━━━━━━━━━━━━━━━━━━━━━━━━━━━━━━
🎯 Step ID: 78 | 📋 Mobile number
   Type: input | Input: 6269153796
   Scenario: Positive
   🔧 Executing: input
      Filling: //input[@placeholder='Mobile Number'] with: 6269153796
   ✅ PASS: Action completed successfully
━━━━━━━━━━━━━━━━━━━━━━━━━━━━━━━━━━━━━━━━━━━━━━━━━━━━━━━━━━━━━━━━━━━━━━━━━━━━━━

━━━━━━━━━━━━━━━━━━━━━━━━━━━━━━━━━━━━━━━━━━━━━━━━━━━━━━━━━━━━━━━━━━━━━━━━━━━━━━
🎯 Step ID: 79 | 📋 Act as Teacher
   Type: checkbox | Input: true
   Scenario: Positive
   🔧 Executing: checkbox
   ✅ PASS: Action completed successfully
━━━━━━━━━━━━━━━━━━━━━━━━━━━━━━━━━━━━━━━━━━━━━━━━━━━━━━━━━━━━━━━━━━━━━━━━━━━━━━

━━━━━━━━━━━━━━━━━━━━━━━━━━━━━━━━━━━━━━━━━━━━━━━━━━━━━━━━━━━━━━━━━━━━━━━━━━━━━━
🎯 Step ID: 80 | 📋 Social Handles
   Type: click
   Scenario: Positive
   🔧 Executing: click
      Clicking: (//span[normalize-space(text())='Social Handles'])[2]
   ✅ PASS: Action completed successfully
━━━━━━━━━━━━━━━━━━━━━━━━━━━━━━━━━━━━━━━━━━━━━━━━━━━━━━━━━━━━━━━━━━━━━━━━━━━━━━

━━━━━━━━━━━━━━━━━━━━━━━━━━━━━━━━━━━━━━━━━━━━━━━━━━━━━━━━━━━━━━━━━━━━━━━━━━━━━━
🎯 Step ID: 81 | 📋 Add Icon
   Type: click
   Scenario: Positive
   🔧 Executing: click
      Clicking: (//mat-icon[@data-mat-icon-type='font'])[2]
   ✅ PASS: Action completed successfully
━━━━━━━━━━━━━━━━━━━━━━━━━━━━━━━━━━━━━━━━━━━━━━━━━━━━━━━━━━━━━━━━━━━━━━━━━━━━━━

━━━━━━━━━━━━━━━━━━━━━━━━━━━━━━━━━━━━━━━━━━━━━━━━━━━━━━━━━━━━━━━━━━━━━━━━━━━━━━
🎯 Step ID: 82 | 📋 Handler Name
   Type: dropdown | Input: Instagram
   Scenario: Positive
   🔧 Executing: dropdown
   ✅ PASS: Action completed successfully
━━━━━━━━━━━━━━━━━━━━━━━━━━━━━━━━━━━━━━━━━━━━━━━━━━━━━━━━━━━━━━━━━━━━━━━━━━━━━━
[GENERATED] FACEBOOK_1 = https://www.facebook.com/luluullrich

━━━━━━━━━━━━━━━━━━━━━━━━━━━━━━━━━━━━━━━━━━━━━━━━━━━━━━━━━━━━━━━━━━━━━━━━━━━━━━
🎯 Step ID: 83 | 📋 Link
   Type: input | Input: https://www.facebook.com/luluullrich
   Scenario: Positive
   🔧 Executing: input
      Filling: //input[@id='formly_98_input_handler_link_1'] with: https://www.facebook.com/luluullrich
      ⚠️  Fill failed: Error {
  message='Timeout 15000ms exceeded.
  name='TimeoutError
  stack='TimeoutError: Timeout 15000ms exceeded.
    at ProgressController.run (/tmp/playwright-java-12904293031827472432/package/lib/server/progress.js:75:26)
    at Frame.waitForSelector (/tmp/playwright-java-12904293031827472432/package/lib/server/frames.js:629:23)
    at FrameDispatcher.waitForSelector (/tmp/playwright-java-12904293031827472432/package/lib/server/dispatchers/frameDispatcher.js:106:103)
    at FrameDispatcher._handleCommand (/tmp/playwright-java-12904293031827472432/package/lib/server/dispatchers/dispatcher.js:94:40)
    at DispatcherConnection.dispatch (/tmp/playwright-java-12904293031827472432/package/lib/server/dispatchers/dispatcher.js:361:39)
}
Call log:
-   - waiting for locator("//input[@id='formly_98_input_handler_link_1']") to be visible

   ❌ FAIL: Link
   Error: Error {
  message='Timeout 15000ms exceeded.
  name='TimeoutError
  stack='TimeoutError: Timeout 15000ms exceeded.
    at ProgressController.run (/tmp/playwright-java-12904293031827472432/package/lib/server/progress.js:75:26)
    at Frame.waitForSelector (/tmp/playwright-java-12904293031827472432/package/lib/server/frames.js:629:23)
    at FrameDispatcher.waitForSelector (/tmp/playwright-java-12904293031827472432/package/lib/server/dispatchers/frameDispatcher.js:106:103)
    at FrameDispatcher._handleCommand (/tmp/playwright-java-12904293031827472432/package/lib/server/dispatchers/dispatcher.js:94:40)
    at DispatcherConnection.dispatch (/tmp/playwright-java-12904293031827472432/package/lib/server/dispatchers/dispatcher.js:361:39)
}
Call log:
-   - waiting for locator("//input[@id='formly_98_input_handler_link_1']") to be visible

   Exception Type: TimeoutError
━━━━━━━━━━━━━━━━━━━━━━━━━━━━━━━━━━━━━━━━━━━━━━━━━━━━━━━━━━━━━━━━━━━━━━━━━━━━━━

━━━━━━━━━━━━━━━━━━━━━━━━━━━━━━━━━━━━━━━━━━━━━━━━━━━━━━━━━━━━━━━━━━━━━━━━━━━━━━
🎯 Step ID: 84 | 📋 Pricing Configuration
   Type: click
   Scenario: Positive
   🔧 Executing: click
      Clicking: //span[normalize-space(text())='Pricing & Storage configuration']
   ✅ PASS: Action completed successfully
━━━━━━━━━━━━━━━━━━━━━━━━━━━━━━━━━━━━━━━━━━━━━━━━━━━━━━━━━━━━━━━━━━━━━━━━━━━━━━

━━━━━━━━━━━━━━━━━━━━━━━━━━━━━━━━━━━━━━━━━━━━━━━━━━━━━━━━━━━━━━━━━━━━━━━━━━━━━━
🎯 Step ID: 85 | 📋 Max file storage limit in GB
   Type: Verification Only | Input: 100
   Scenario: 
   ✅ VERIFY PASS: Max file storage limit in GB [valuecontains]
      Value contains: 100
━━━━━━━━━━━━━━━━━━━━━━━━━━━━━━━━━━━━━━━━━━━━━━━━━━━━━━━━━━━━━━━━━━━━━━━━━━━━━━

━━━━━━━━━━━━━━━━━━━━━━━━━━━━━━━━━━━━━━━━━━━━━━━━━━━━━━━━━━━━━━━━━━━━━━━━━━━━━━
🎯 Step ID: 86 | 📋 Platform Support Fee
   Type: input | Input: 5000
   Scenario: Positive
   🔧 Executing: input
      Filling: //input[@placeholder='Platform Support Fee $'] with: 5000
   ✅ PASS: Action completed successfully
━━━━━━━━━━━━━━━━━━━━━━━━━━━━━━━━━━━━━━━━━━━━━━━━━━━━━━━━━━━━━━━━━━━━━━━━━━━━━━

━━━━━━━━━━━━━━━━━━━━━━━━━━━━━━━━━━━━━━━━━━━━━━━━━━━━━━━━━━━━━━━━━━━━━━━━━━━━━━
🎯 Step ID: 87 | 📋 Per Student Cost
   Type: input | Input: 3000
   Scenario: Positive
   🔧 Executing: input
      Filling: //input[@placeholder='Per Student Cost $'] with: 3000
   ✅ PASS: Action completed successfully
━━━━━━━━━━━━━━━━━━━━━━━━━━━━━━━━━━━━━━━━━━━━━━━━━━━━━━━━━━━━━━━━━━━━━━━━━━━━━━

━━━━━━━━━━━━━━━━━━━━━━━━━━━━━━━━━━━━━━━━━━━━━━━━━━━━━━━━━━━━━━━━━━━━━━━━━━━━━━
🎯 Step ID: 88 | 📋 Discount
   Type: input | Input: 2000
   Scenario: Positive
   🔧 Executing: input
      Filling: //input[@placeholder='Discount $'] with: 2000
   ✅ PASS: Action completed successfully
━━━━━━━━━━━━━━━━━━━━━━━━━━━━━━━━━━━━━━━━━━━━━━━━━━━━━━━━━━━━━━━━━━━━━━━━━━━━━━
   ⚠️  SKIP Step ID 89: No Field Type and No Verification - Step: Days Dropdown

━━━━━━━━━━━━━━━━━━━━━━━━━━━━━━━━━━━━━━━━━━━━━━━━━━━━━━━━━━━━━━━━━━━━━━━━━━━━━━
🎯 Step ID: 90 | 📋 Select Fee Type
   Type: dropdown | Input: Percentage of Invoice (e.g., 5%)
   Scenario: Positive
   🔧 Executing: dropdown
   ✅ PASS: Action completed successfully
━━━━━━━━━━━━━━━━━━━━━━━━━━━━━━━━━━━━━━━━━━━━━━━━━━━━━━━━━━━━━━━━━━━━━━━━━━━━━━

━━━━━━━━━━━━━━━━━━━━━━━━━━━━━━━━━━━━━━━━━━━━━━━━━━━━━━━━━━━━━━━━━━━━━━━━━━━━━━
🎯 Step ID: 91 | 📋 Fee Amount
   Type: input | Input: 500
   Scenario: Positive
   🔧 Executing: input
      Filling: //input[@placeholder='Enter amount'] with: 500
   ✅ PASS: Action completed successfully
━━━━━━━━━━━━━━━━━━━━━━━━━━━━━━━━━━━━━━━━━━━━━━━━━━━━━━━━━━━━━━━━━━━━━━━━━━━━━━

━━━━━━━━━━━━━━━━━━━━━━━━━━━━━━━━━━━━━━━━━━━━━━━━━━━━━━━━━━━━━━━━━━━━━━━━━━━━━━
🎯 Step ID: 92 | 📋 Address & Contact Details
   Type: click
   Scenario: Positive
   🔧 Executing: click
      Clicking: //span[normalize-space(text())='Address & Contact Details']
   ✅ PASS: Action completed successfully
━━━━━━━━━━━━━━━━━━━━━━━━━━━━━━━━━━━━━━━━━━━━━━━━━━━━━━━━━━━━━━━━━━━━━━━━━━━━━━

━━━━━━━━━━━━━━━━━━━━━━━━━━━━━━━━━━━━━━━━━━━━━━━━━━━━━━━━━━━━━━━━━━━━━━━━━━━━━━
🎯 Step ID: 93 | 📋 About the School
   Type: input | Input: This is the best school
   Scenario: Positive
   🔧 Executing: input
      Filling: //div[@contenteditable='true'] with: This is the best school
   ✅ PASS: Action completed successfully
━━━━━━━━━━━━━━━━━━━━━━━━━━━━━━━━━━━━━━━━━━━━━━━━━━━━━━━━━━━━━━━━━━━━━━━━━━━━━━

━━━━━━━━━━━━━━━━━━━━━━━━━━━━━━━━━━━━━━━━━━━━━━━━━━━━━━━━━━━━━━━━━━━━━━━━━━━━━━
🎯 Step ID: 94 | 📋 Gallery
   Type: click
   Scenario: Positive
   🔧 Executing: click
      Clicking: //span[normalize-space(text())='Gallery']
   ✅ PASS: Action completed successfully
━━━━━━━━━━━━━━━━━━━━━━━━━━━━━━━━━━━━━━━━━━━━━━━━━━━━━━━━━━━━━━━━━━━━━━━━━━━━━━

━━━━━━━━━━━━━━━━━━━━━━━━━━━━━━━━━━━━━━━━━━━━━━━━━━━━━━━━━━━━━━━━━━━━━━━━━━━━━━
🎯 Step ID: 95 | 📋 Gallery Upload
   Type: image | Input: spider.jpeg
   Scenario: Positive
   🔧 Executing: image
   ✅ PASS: Action completed successfully
━━━━━━━━━━━━━━━━━━━━━━━━━━━━━━━━━━━━━━━━━━━━━━━━━━━━━━━━━━━━━━━━━━━━━━━━━━━━━━

━━━━━━━━━━━━━━━━━━━━━━━━━━━━━━━━━━━━━━━━━━━━━━━━━━━━━━━━━━━━━━━━━━━━━━━━━━━━━━
🎯 Step ID: 96 | 📋 Branding
   Type: click
   Scenario: Positive
   🔧 Executing: click
      Clicking: //span[normalize-space(text())='Branding']
   ✅ PASS: Action completed successfully
━━━━━━━━━━━━━━━━━━━━━━━━━━━━━━━━━━━━━━━━━━━━━━━━━━━━━━━━━━━━━━━━━━━━━━━━━━━━━━

━━━━━━━━━━━━━━━━━━━━━━━━━━━━━━━━━━━━━━━━━━━━━━━━━━━━━━━━━━━━━━━━━━━━━━━━━━━━━━
🎯 Step ID: 97 | 📋 Primary Image Upload
   Type: image | Input: spider.jpeg
   Scenario: Positive
   🔧 Executing: image
   ✅ PASS: Action completed successfully
━━━━━━━━━━━━━━━━━━━━━━━━━━━━━━━━━━━━━━━━━━━━━━━━━━━━━━━━━━━━━━━━━━━━━━━━━━━━━━

━━━━━━━━━━━━━━━━━━━━━━━━━━━━━━━━━━━━━━━━━━━━━━━━━━━━━━━━━━━━━━━━━━━━━━━━━━━━━━
🎯 Step ID: 98 | 📋 Banner Upload
   Type: image | Input: dog.jpeg
   Scenario: Positive
   🔧 Executing: image
   ✅ PASS: Action completed successfully
━━━━━━━━━━━━━━━━━━━━━━━━━━━━━━━━━━━━━━━━━━━━━━━━━━━━━━━━━━━━━━━━━━━━━━━━━━━━━━

━━━━━━━━━━━━━━━━━━━━━━━━━━━━━━━━━━━━━━━━━━━━━━━━━━━━━━━━━━━━━━━━━━━━━━━━━━━━━━
🎯 Step ID: 99 | 📋 Save
   Type: Click
   Scenario: Positive
   🔧 Executing: click
      Clicking: //span[normalize-space(text())='Save']
   ✅ PASS: Action completed successfully
━━━━━━━━━━━━━━━━━━━━━━━━━━━━━━━━━━━━━━━━━━━━━━━━━━━━━━━━━━━━━━━━━━━━━━━━━━━━━━

━━━━━━━━━━━━━━━━━━━━━━━━━━━━━━━━━━━━━━━━━━━━━━━━━━━━━━━━━━━━━━━━━━━━━━━━━━━━━━
🎯 Step ID: 100 | 📋 Verify Count Increased
   Type: Verification Only
   Scenario: Positive
   [Using stored count for verification]
   ❌ FAIL: Verify Count Increased
   Error: Error {
  message='Timeout 10000ms exceeded.
  name='TimeoutError
  stack='TimeoutError: Timeout 10000ms exceeded.
    at ProgressController.run (/tmp/playwright-java-12904293031827472432/package/lib/server/progress.js:75:26)
    at Frame._callOnElementOnceMatches (/tmp/playwright-java-12904293031827472432/package/lib/server/frames.js:1479:23)
    at Frame.textContent (/tmp/playwright-java-12904293031827472432/package/lib/server/frames.js:1089:17)
    at FrameDispatcher.textContent (/tmp/playwright-java-12904293031827472432/package/lib/server/dispatchers/frameDispatcher.js:179:37)
    at FrameDispatcher._handleCommand (/tmp/playwright-java-12904293031827472432/package/lib/server/dispatchers/dispatcher.js:94:40)
    at DispatcherConnection.dispatch (/tmp/playwright-java-12904293031827472432/package/lib/server/dispatchers/dispatcher.js:361:39)
}
Call log:
-   - waiting for locator("//span[@ref='lbRecordCount']")

   Exception Type: TimeoutError
━━━━━━━━━━━━━━━━━━━━━━━━━━━━━━━━━━━━━━━━━━━━━━━━━━━━━━━━━━━━━━━━━━━━━━━━━━━━━━
[RESOLVED] {{USER_6}} = Marget

━━━━━━━━━━━━━━━━━━━━━━━━━━━━━━━━━━━━━━━━━━━━━━━━━━━━━━━━━━━━━━━━━━━━━━━━━━━━━━
🎯 Step ID: 101 | 📋 Verify the School name is visible in the grid list
   Type: Verification Only | Input: Marget
   Scenario: Positive
   [DEBUG] Searching for: 'Marget' in xpath: //div[@col-id='name']
   [DEBUG] Total elements matching xpath: 0
   [WARN] Scroll failed, checking visible content: Error {
  message='Timeout 10000ms exceeded.
  name='TimeoutError
  stack='TimeoutError: Timeout 10000ms exceeded.
    at ProgressController.run (/tmp/playwright-java-12904293031827472432/package/lib/server/progress.js:75:26)
    at Frame.waitForSelector (/tmp/playwright-java-12904293031827472432/package/lib/server/frames.js:629:23)
    at FrameDispatcher.waitForSelector (/tmp/playwright-java-12904293031827472432/package/lib/server/dispatchers/frameDispatcher.js:106:103)
    at FrameDispatcher._handleCommand (/tmp/playwright-java-12904293031827472432/package/lib/server/dispatchers/dispatcher.js:94:40)
    at DispatcherConnection.dispatch (/tmp/playwright-java-12904293031827472432/package/lib/server/dispatchers/dispatcher.js:361:39)
}
Call log:
-   - waiting for locator(".ag-body-viewport").first()

   [DEBUG] Found: false
   ❌ VERIFY FAIL: Verify the School name is visible in the grid list [tablerowcontains]
      Row not found
━━━━━━━━━━━━━━━━━━━━━━━━━━━━━━━━━━━━━━━━━━━━━━━━━━━━━━━━━━━━━━━━━━━━━━━━━━━━━━

━━━━━━━━━━━━━━━━━━━━━━━━━━━━━━━━━━━━━━━━━━━━━━━━━━━━━━━━━━━━━━━━━━━━━━━━━━━━━━
🎯 Step ID: 102 | 📋 open a tab for YOPMAIL in new tab
   Type: newtab | Input: https://yopmail.com/
   Scenario: Positive
   🔧 Executing: newtab
[NEW TAB] Opened: https://yopmail.com/
   ✅ PASS: Action completed successfully
━━━━━━━━━━━━━━━━━━━━━━━━━━━━━━━━━━━━━━━━━━━━━━━━━━━━━━━━━━━━━━━━━━━━━━━━━━━━━━
[RESOLVED] {{EMAIL_2}} = harleygrant@yopmail.com

━━━━━━━━━━━━━━━━━━━━━━━━━━━━━━━━━━━━━━━━━━━━━━━━━━━━━━━━━━━━━━━━━━━━━━━━━━━━━━
🎯 Step ID: 103 | 📋 Enter the School Admon Email id for acceptance of invite mail from school to onboard
   Type: Input | Input: harleygrant@yopmail.com
   Scenario: Positive
   🔧 Executing: input
      Filling: //input[@placeholder='Enter your inbox here'] with: harleygrant@yopmail.com
   ✅ PASS: Action completed successfully
━━━━━━━━━━━━━━━━━━━━━━━━━━━━━━━━━━━━━━━━━━━━━━━━━━━━━━━━━━━━━━━━━━━━━━━━━━━━━━

━━━━━━━━━━━━━━━━━━━━━━━━━━━━━━━━━━━━━━━━━━━━━━━━━━━━━━━━━━━━━━━━━━━━━━━━━━━━━━
🎯 Step ID: 104 | 📋 Enter button
   Type: Click
   Scenario: Positive
   🔧 Executing: click
      Clicking: //button[@title='Check Inbox @yopmail.com']//i[1]
   ✅ PASS: Action completed successfully
━━━━━━━━━━━━━━━━━━━━━━━━━━━━━━━━━━━━━━━━━━━━━━━━━━━━━━━━━━━━━━━━━━━━━━━━━━━━━━

━━━━━━━━━━━━━━━━━━━━━━━━━━━━━━━━━━━━━━━━━━━━━━━━━━━━━━━━━━━━━━━━━━━━━━━━━━━━━━
🎯 Step ID: 105 | 📋 Click Accept Invitation
   Type: Click
   Scenario: Positive
   🔧 Executing: click
      Clicking: //a[.='To Login']
      ⚠️  Normal click failed, using force click
   ❌ FAIL: Click Accept Invitation
   Error: Error {
  message='Timeout 30000ms exceeded.
  name='TimeoutError
  stack='TimeoutError: Timeout 30000ms exceeded.
    at ProgressController.run (/tmp/playwright-java-12904293031827472432/package/lib/server/progress.js:75:26)
    at Frame.click (/tmp/playwright-java-12904293031827472432/package/lib/server/frames.js:1022:23)
    at FrameDispatcher.click (/tmp/playwright-java-12904293031827472432/package/lib/server/dispatchers/frameDispatcher.js:158:30)
    at FrameDispatcher._handleCommand (/tmp/playwright-java-12904293031827472432/package/lib/server/dispatchers/dispatcher.js:94:40)
    at DispatcherConnection.dispatch (/tmp/playwright-java-12904293031827472432/package/lib/server/dispatchers/dispatcher.js:361:39)
}
Call log:
-   - waiting for locator("//a[.='To Login']").first()

   Exception Type: TimeoutError
━━━━━━━━━━━━━━━━━━━━━━━━━━━━━━━━━━━━━━━━━━━━━━━━━━━━━━━━━━━━━━━━━━━━━━━━━━━━━━

━━━━━━━━━━━━━━━━━━━━━━━━━━━━━━━━━━━━━━━━━━━━━━━━━━━━━━━━━━━━━━━━━━━━━━━━━━━━━━
🎯 Step ID: 106 | 📋 Switch to School admin login page
   Type: switchtab | Input: 2
   Scenario: Positive
   🔧 Executing: switchtab
[SWITCH TAB] Switched to tab 2
   ✅ PASS: Action completed successfully
━━━━━━━━━━━━━━━━━━━━━━━━━━━━━━━━━━━━━━━━━━━━━━━━━━━━━━━━━━━━━━━━━━━━━━━━━━━━━━
[RESOLVED] {{EMAIL_2}} = harleygrant@yopmail.com

━━━━━━━━━━━━━━━━━━━━━━━━━━━━━━━━━━━━━━━━━━━━━━━━━━━━━━━━━━━━━━━━━━━━━━━━━━━━━━
🎯 Step ID: 107 | 📋 Enter School Admin Email id
   Type: Input | Input: harleygrant@yopmail.com
   Scenario: Positive
   🔧 Executing: input
      Filling: //input[@placeholder='Email Id'] with: harleygrant@yopmail.com
   ✅ PASS: Action completed successfully
━━━━━━━━━━━━━━━━━━━━━━━━━━━━━━━━━━━━━━━━━━━━━━━━━━━━━━━━━━━━━━━━━━━━━━━━━━━━━━

━━━━━━━━━━━━━━━━━━━━━━━━━━━━━━━━━━━━━━━━━━━━━━━━━━━━━━━━━━━━━━━━━━━━━━━━━━━━━━
🎯 Step ID: 108 | 📋 enterSchool Admin Password
   Type: Input | Input: 1234
   Scenario: Positive
   🔧 Executing: input
      Filling: //input[@placeholder='Password'] with: 1234
   ✅ PASS: Action completed successfully
━━━━━━━━━━━━━━━━━━━━━━━━━━━━━━━━━━━━━━━━━━━━━━━━━━━━━━━━━━━━━━━━━━━━━━━━━━━━━━

━━━━━━━━━━━━━━━━━━━━━━━━━━━━━━━━━━━━━━━━━━━━━━━━━━━━━━━━━━━━━━━━━━━━━━━━━━━━━━
🎯 Step ID: 109 | 📋 Click on Login
   Type: Click
   Scenario: Positive
   🔧 Executing: click
      Clicking: //button[normalize-space(text())='Sign In']
   ✅ PASS: Action completed successfully
━━━━━━━━━━━━━━━━━━━━━━━━━━━━━━━━━━━━━━━━━━━━━━━━━━━━━━━━━━━━━━━━━━━━━━━━━━━━━━

━━━━━━━━━━━━━━━━━━━━━━━━━━━━━━━━━━━━━━━━━━━━━━━━━━━━━━━━━━━━━━━━━━━━━━━━━━━━━━
🎯 Step ID: 110 | 📋 Click on Check box to accept the terms and condition of the school
   Type: Click
   Scenario: Positive
   🔧 Executing: click
      Clicking: //input[@type='checkbox']
      ⚠️  Normal click failed, using force click
   ❌ FAIL: Click on Check box to accept the terms and condition of the school
   Error: Error {
  message='Timeout 30000ms exceeded.
  name='TimeoutError
  stack='TimeoutError: Timeout 30000ms exceeded.
    at ProgressController.run (/tmp/playwright-java-12904293031827472432/package/lib/server/progress.js:75:26)
    at Frame.click (/tmp/playwright-java-12904293031827472432/package/lib/server/frames.js:1022:23)
    at FrameDispatcher.click (/tmp/playwright-java-12904293031827472432/package/lib/server/dispatchers/frameDispatcher.js:158:30)
    at FrameDispatcher._handleCommand (/tmp/playwright-java-12904293031827472432/package/lib/server/dispatchers/dispatcher.js:94:40)
    at DispatcherConnection.dispatch (/tmp/playwright-java-12904293031827472432/package/lib/server/dispatchers/dispatcher.js:361:39)
}
Call log:
-   - waiting for locator("//input[@type='checkbox']").first()

   Exception Type: TimeoutError
━━━━━━━━━━━━━━━━━━━━━━━━━━━━━━━━━━━━━━━━━━━━━━━━━━━━━━━━━━━━━━━━━━━━━━━━━━━━━━

━━━━━━━━━━━━━━━━━━━━━━━━━━━━━━━━━━━━━━━━━━━━━━━━━━━━━━━━━━━━━━━━━━━━━━━━━━━━━━
🎯 Step ID: 111 | 📋 Click on Accept button
   Type: Click
   Scenario: Positive
   🔧 Executing: click
      Clicking: //button[normalize-space(text())='Accept']
      ⚠️  Normal click failed, using force click
   ❌ FAIL: Click on Accept button
   Error: Error {
  message='Timeout 30000ms exceeded.
  name='TimeoutError
  stack='TimeoutError: Timeout 30000ms exceeded.
    at ProgressController.run (/tmp/playwright-java-12904293031827472432/package/lib/server/progress.js:75:26)
    at Frame.click (/tmp/playwright-java-12904293031827472432/package/lib/server/frames.js:1022:23)
    at FrameDispatcher.click (/tmp/playwright-java-12904293031827472432/package/lib/server/dispatchers/frameDispatcher.js:158:30)
    at FrameDispatcher._handleCommand (/tmp/playwright-java-12904293031827472432/package/lib/server/dispatchers/dispatcher.js:94:40)
    at DispatcherConnection.dispatch (/tmp/playwright-java-12904293031827472432/package/lib/server/dispatchers/dispatcher.js:361:39)
}
Call log:
-   - waiting for locator("//button[normalize-space(text())='Accept']").first()

   Exception Type: TimeoutError
━━━━━━━━━━━━━━━━━━━━━━━━━━━━━━━━━━━━━━━━━━━━━━━━━━━━━━━━━━━━━━━━━━━━━━━━━━━━━━

━━━━━━━━━━━━━━━━━━━━━━━━━━━━━━━━━━━━━━━━━━━━━━━━━━━━━━━━━━━━━━━━━━━━━━━━━━━━━━
🎯 Step ID: 112 | 📋 Enter New Password
   Type: Input | Input: Mani@2020
   Scenario: Positive
   🔧 Executing: input
      Filling: //input[@id='newPassword'] with: Mani@2020
      ⚠️  Fill failed: Error {
  message='Timeout 15000ms exceeded.
  name='TimeoutError
  stack='TimeoutError: Timeout 15000ms exceeded.
    at ProgressController.run (/tmp/playwright-java-12904293031827472432/package/lib/server/progress.js:75:26)
    at Frame.waitForSelector (/tmp/playwright-java-12904293031827472432/package/lib/server/frames.js:629:23)
    at FrameDispatcher.waitForSelector (/tmp/playwright-java-12904293031827472432/package/lib/server/dispatchers/frameDispatcher.js:106:103)
    at FrameDispatcher._handleCommand (/tmp/playwright-java-12904293031827472432/package/lib/server/dispatchers/dispatcher.js:94:40)
    at DispatcherConnection.dispatch (/tmp/playwright-java-12904293031827472432/package/lib/server/dispatchers/dispatcher.js:361:39)
}
Call log:
-   - waiting for locator("//input[@id='newPassword']") to be visible

   ❌ FAIL: Enter New Password
   Error: Error {
  message='Timeout 15000ms exceeded.
  name='TimeoutError
  stack='TimeoutError: Timeout 15000ms exceeded.
    at ProgressController.run (/tmp/playwright-java-12904293031827472432/package/lib/server/progress.js:75:26)
    at Frame.waitForSelector (/tmp/playwright-java-12904293031827472432/package/lib/server/frames.js:629:23)
    at FrameDispatcher.waitForSelector (/tmp/playwright-java-12904293031827472432/package/lib/server/dispatchers/frameDispatcher.js:106:103)
    at FrameDispatcher._handleCommand (/tmp/playwright-java-12904293031827472432/package/lib/server/dispatchers/dispatcher.js:94:40)
    at DispatcherConnection.dispatch (/tmp/playwright-java-12904293031827472432/package/lib/server/dispatchers/dispatcher.js:361:39)
}
Call log:
-   - waiting for locator("//input[@id='newPassword']") to be visible

   Exception Type: TimeoutError
━━━━━━━━━━━━━━━━━━━━━━━━━━━━━━━━━━━━━━━━━━━━━━━━━━━━━━━━━━━━━━━━━━━━━━━━━━━━━━

━━━━━━━━━━━━━━━━━━━━━━━━━━━━━━━━━━━━━━━━━━━━━━━━━━━━━━━━━━━━━━━━━━━━━━━━━━━━━━
🎯 Step ID: 113 | 📋 Confirm New Password
   Type: Input | Input: Mani@2020
   Scenario: Positive
   🔧 Executing: input
      Filling: //input[@id='confirmPassword'] with: Mani@2020
      ⚠️  Fill failed: Error {
  message='Timeout 15000ms exceeded.
  name='TimeoutError
  stack='TimeoutError: Timeout 15000ms exceeded.
    at ProgressController.run (/tmp/playwright-java-12904293031827472432/package/lib/server/progress.js:75:26)
    at Frame.waitForSelector (/tmp/playwright-java-12904293031827472432/package/lib/server/frames.js:629:23)
    at FrameDispatcher.waitForSelector (/tmp/playwright-java-12904293031827472432/package/lib/server/dispatchers/frameDispatcher.js:106:103)
    at FrameDispatcher._handleCommand (/tmp/playwright-java-12904293031827472432/package/lib/server/dispatchers/dispatcher.js:94:40)
    at DispatcherConnection.dispatch (/tmp/playwright-java-12904293031827472432/package/lib/server/dispatchers/dispatcher.js:361:39)
}
Call log:
-   - waiting for locator("//input[@id='confirmPassword']") to be visible

   ❌ FAIL: Confirm New Password
   Error: Error {
  message='Timeout 15000ms exceeded.
  name='TimeoutError
  stack='TimeoutError: Timeout 15000ms exceeded.
    at ProgressController.run (/tmp/playwright-java-12904293031827472432/package/lib/server/progress.js:75:26)
    at Frame.waitForSelector (/tmp/playwright-java-12904293031827472432/package/lib/server/frames.js:629:23)
    at FrameDispatcher.waitForSelector (/tmp/playwright-java-12904293031827472432/package/lib/server/dispatchers/frameDispatcher.js:106:103)
    at FrameDispatcher._handleCommand (/tmp/playwright-java-12904293031827472432/package/lib/server/dispatchers/dispatcher.js:94:40)
    at DispatcherConnection.dispatch (/tmp/playwright-java-12904293031827472432/package/lib/server/dispatchers/dispatcher.js:361:39)
}
Call log:
-   - waiting for locator("//input[@id='confirmPassword']") to be visible

   Exception Type: TimeoutError
━━━━━━━━━━━━━━━━━━━━━━━━━━━━━━━━━━━━━━━━━━━━━━━━━━━━━━━━━━━━━━━━━━━━━━━━━━━━━━

━━━━━━━━━━━━━━━━━━━━━━━━━━━━━━━━━━━━━━━━━━━━━━━━━━━━━━━━━━━━━━━━━━━━━━━━━━━━━━
🎯 Step ID: 114 | 📋 Click on Reset Button
   Type: Click
   Scenario: Positive
   🔧 Executing: click
      Clicking: //button[.=' Reset Password ']
      ⚠️  Normal click failed, using force click
   ❌ FAIL: Click on Reset Button
   Error: Error {
  message='Timeout 30000ms exceeded.
  name='TimeoutError
  stack='TimeoutError: Timeout 30000ms exceeded.
    at ProgressController.run (/tmp/playwright-java-12904293031827472432/package/lib/server/progress.js:75:26)
    at Frame.click (/tmp/playwright-java-12904293031827472432/package/lib/server/frames.js:1022:23)
    at FrameDispatcher.click (/tmp/playwright-java-12904293031827472432/package/lib/server/dispatchers/frameDispatcher.js:158:30)
    at FrameDispatcher._handleCommand (/tmp/playwright-java-12904293031827472432/package/lib/server/dispatchers/dispatcher.js:94:40)
    at DispatcherConnection.dispatch (/tmp/playwright-java-12904293031827472432/package/lib/server/dispatchers/dispatcher.js:361:39)
}
Call log:
-   - waiting for locator("//button[.=' Reset Password ']").first()

   Exception Type: TimeoutError
━━━━━━━━━━━━━━━━━━━━━━━━━━━━━━━━━━━━━━━━━━━━━━━━━━━━━━━━━━━━━━━━━━━━━━━━━━━━━━
[RESOLVED] {{EMAIL_2}} = harleygrant@yopmail.com

━━━━━━━━━━━━━━━━━━━━━━━━━━━━━━━━━━━━━━━━━━━━━━━━━━━━━━━━━━━━━━━━━━━━━━━━━━━━━━
🎯 Step ID: 115 | 📋 Enter School Admin Email id
   Type: Input | Input: harleygrant@yopmail.com
   Scenario: 
   🔧 Executing: input
      Filling: //input[@placeholder='Email Id'] with: harleygrant@yopmail.com
   ✅ PASS: Action completed successfully
━━━━━━━━━━━━━━━━━━━━━━━━━━━━━━━━━━━━━━━━━━━━━━━━━━━━━━━━━━━━━━━━━━━━━━━━━━━━━━

━━━━━━━━━━━━━━━━━━━━━━━━━━━━━━━━━━━━━━━━━━━━━━━━━━━━━━━━━━━━━━━━━━━━━━━━━━━━━━
🎯 Step ID: 116 | 📋 enterSchool Admin Password
   Type: Input | Input: 1234
   Scenario: 
   🔧 Executing: input
      Filling: //input[@placeholder='Password'] with: 1234
   ✅ PASS: Action completed successfully
━━━━━━━━━━━━━━━━━━━━━━━━━━━━━━━━━━━━━━━━━━━━━━━━━━━━━━━━━━━━━━━━━━━━━━━━━━━━━━

━━━━━━━━━━━━━━━━━━━━━━━━━━━━━━━━━━━━━━━━━━━━━━━━━━━━━━━━━━━━━━━━━━━━━━━━━━━━━━
🎯 Step ID: 117 | 📋 Click on Login
   Type: Click
   Scenario: 
   🔧 Executing: click
      Clicking: //button[normalize-space(text())='Sign In']
   ✅ PASS: Action completed successfully
━━━━━━━━━━━━━━━━━━━━━━━━━━━━━━━━━━━━━━━━━━━━━━━━━━━━━━━━━━━━━━━━━━━━━━━━━━━━━━

━━━━━━━━━━━━━━━━━━━━━━━━━━━━━━━━━━━━━━━━━━━━━━━━━━━━━━━━━━━━━━━━━━━━━━━━━━━━━━
🎯 Step ID: 118 | 📋 Back to Super Admin login 
   Type: switchtab | Input: 0
   Scenario: Positive
   🔧 Executing: switchtab
[SWITCH TAB] Switched to tab 0
   ✅ PASS: Action completed successfully
━━━━━━━━━━━━━━━━━━━━━━━━━━━━━━━━━━━━━━━━━━━━━━━━━━━━━━━━━━━━━━━━━━━━━━━━━━━━━━

━━━━━━━━━━━━━━━━━━━━━━━━━━━━━━━━━━━━━━━━━━━━━━━━━━━━━━━━━━━━━━━━━━━━━━━━━━━━━━
🎯 Step ID: 119 | 📋 Click on Dashboard 
   Type: Click
   Scenario: Positive
   🔧 Executing: click
      Clicking: //span[normalize-space(text())='Dashboard']
   ✅ PASS: Action completed successfully
━━━━━━━━━━━━━━━━━━━━━━━━━━━━━━━━━━━━━━━━━━━━━━━━━━━━━━━━━━━━━━━━━━━━━━━━━━━━━━

━━━━━━━━━━━━━━━━━━━━━━━━━━━━━━━━━━━━━━━━━━━━━━━━━━━━━━━━━━━━━━━━━━━━━━━━━━━━━━
🎯 Step ID: 120 | 📋 Check the active school count after adding a new school
   Type: Verification Only
   Scenario: Positive
   [Using stored count for verification]

   📊 COUNT CAPTURE:
      Before capture count was: 6
      After count increases: Before: 6 | After: 6
   ❌ VERIFY FAIL: Check the active school count after adding a new school [countincrease]
      Before: 6 → After: 6
━━━━━━━━━━━━━━━━━━━━━━━━━━━━━━━━━━━━━━━━━━━━━━━━━━━━━━━━━━━━━━━━━━━━━━━━━━━━━━
[METRICS] Thread 16 getting metrics from current thread only - Features: 1
[METRICS] Calculated - Steps: 120, TestCases: 119, Thread: 16
[REPORT] Thread 16 generating report with 1 features
[TEST_LOG] Stored functional data - Features: 120 steps
[TEST_LOG] Current testLog keys: [functional, Functional Tests_functional]
[CLEAR] Thread 16 data cleared - Had feature: true
[TEST_LOG] Cleared thread 16 data after storing functional
[ARCHIVE] Archiving regressions: [functional, Functional Tests_functional]
[ARCHIVE] Moved 2 features to archive
[ARCHIVE] Cleared testLog, archived features count: 2
❌ Failed to send email: 552-5.3.4 Your message exceeded Google's message size limits. To view our
552-5.3.4 message size guidelines, go to
552 5.3.4  https://support.google.com/mail/?p=MaxSizeError 41be03b00d2f7-c739e184f92sm1457208a12.28 - gsmtp

com.sun.mail.smtp.SMTPSendFailedException: 552-5.3.4 Your message exceeded Google's message size limits. To view our
552-5.3.4 message size guidelines, go to
552 5.3.4  https://support.google.com/mail/?p=MaxSizeError 41be03b00d2f7-c739e184f92sm1457208a12.28 - gsmtp

	at com.sun.mail.smtp.SMTPTransport.issueSendCommand(SMTPTransport.java:2108)
	at com.sun.mail.smtp.SMTPTransport.finishData(SMTPTransport.java:1889)
	at com.sun.mail.smtp.SMTPTransport.sendMessage(SMTPTransport.java:1120)
	at javax.mail.Transport.send0(Transport.java:195)
	at javax.mail.Transport.send(Transport.java:124)
	at com.kriyatec.automation.excelutil.EmailReportSender.sendMultipleReports(EmailReportSender.java:131)
	at com.kriyatec.automation.Main.sendAllReportsEmail(Main.java:641)
	at com.kriyatec.automation.Main.main(Main.java:569)
	at org.codehaus.mojo.exec.ExecJavaMojo.doMain(ExecJavaMojo.java:375)
	at org.codehaus.mojo.exec.ExecJavaMojo.doExec(ExecJavaMojo.java:364)
	at org.codehaus.mojo.exec.ExecJavaMojo.lambda$execute$0(ExecJavaMojo.java:286)
	at java.base/java.lang.Thread.run(Thread.java:840)
[[1;34mINFO[m] [1m------------------------------------------------------------------------[m
[[1;34mINFO[m] [1;32mBUILD SUCCESS[m
[[1;34mINFO[m] [1m------------------------------------------------------------------------[m
[[1;34mINFO[m] Total time:  14:16 min
[[1;34mINFO[m] Finished at: 2026-03-06T16:09:26+05:30
[[1;34mINFO[m] [1m------------------------------------------------------------------------[m
